ERR013140.3521432	99	17	1	29	22S86M	=	226	313	AGAGGTCCCCAACTTCTTTGCAAAGCTTCTCACCCTGTTCCTGCATAGATAATTGCATGACAATTGCCTTGTCCCTGCTGAATGTGCTCTGGGGTCTCTGGGGTCTCA	@AEDGBHIIIIIFJGIKHGHIJJJEJKHJKJKGKLLIFHKLLCJJIDEFFHKHEHHJIIIDJEEEJEIKGJIHCGKHFKFE9BBDIAJAHF4?DE@I:DD48(86D=>	MD:Z:86	RG:Z:rg	AM:i:29	NM:i:0	SM:i:29	MQ:i:29	XT:A:M
ERR013140.13475139	99	17	2401	60	88M20S	=	2680	386	AAATACAAAAAACAACTAGCCAGGCGTGGTGGTGCACACCTGTAGTCCCAGCTACTCAGGAGGCTGAGGGGGAAGGACTGCTTGAGCCCAGGCGTTTGAGGCTGCTGT	@CEBEEIHHHICFJIFKGHIKJHII>DBC:CE>A8C>C>7DBA=BEDDB4=9;:<C><??>@=;@D@@=B@E.3?972<>6@8=>?1$0:95%5%*1=8;0%4<228%	X0:i:1	X1:i:0	XC:i:88	MD:Z:88	RG:Z:rg	AM:i:37	NM:i:0	SM:i:37	MQ:i:60	XT:A:U
ERR013140.23480670	133	17	3771	0	35M73S	=	3771	0	TTCTCATCAATCCCTCATCTCTTATAACCATTTCGGTCCTTTCGGCCCTACAGCCACCTTGTTTATACTTGGTAAGACCCACACCACTCGCCAACTTACTCTACTCCC	8+7?5>09:),/%81,$,7<+?)+1+*+),3%5+)#%(4B%$&'%'/*@,)*%%&,%(/0%-&$$*$-,$3*.%/$:%$+.$*%&+.,.%%,%(%7(-.-',1*6%&$	XC:i:35	RG:Z:rg
