ERR156632.9601178	99	17	1	29	62S38M	=	279	377	CTATGACAGGGAGGTCATGTGCAGGCTGGAGAAGGGGACAAGAGGTCCCCAACTTCTTTGCAAAGCTTCTCACCCTGTTCCTGCATAGATAATTGCATGA	DEEEIIHHKIJILKHLHIKEKHHMKLKKJGKKKKLKLFIHEKIKL=KLJLKIILHKMH9LJJJJLHLHJJKJJKMLKJD>MJKLEHIGHIH=FFCHF>BE	MD:Z:38	RG:Z:rg	AM:i:29	NM:i:0	SM:i:29	MQ:i:29	XT:A:M
ERR013140.23480670	133	17	3771	0	35M73S	=	3771	0	TTCTCATCAATCCCTCATCTCTTATAACCATTTCGGTCCTTTCGGCCCTACAGCCACCTTGTTTATACTTGGTAAGACCCACACCACTCGCCAACTTACTCTACTCCC	8+7?5>09:),/%81,$,7<+?)+1+*+),3%5+)#%(4B%$&'%'/*@,)*%%&,%(/0%-&$$*$-,$3*.%/$:%$+.$*%&+.,.%%,%(%7(-.-',1*6%&$	XC:i:35	RG:Z:rg
